
Warning-[LNX_OS_VERUN] Unsupported Linux version
  Linux version 'Rocky Linux release 8.10 (Green Obsidian)' is not supported 
  on 'x86_64' officially, assuming linux compatibility by default. Set 
  VCS_ARCH_OVERRIDE to linux or suse32 to override.
  Please refer to release notes for information on supported platforms.

Command: vcs -full64 -sverilog -ntb_opts uvm -timescale=1ns/1ps -debug_access+all \
-kdb -f /home/student/Documents/hon_070/proj_dir/run/run.f -l compile.log
                         Chronologic VCS (TM)
         Version U-2023.03_Full64 -- Sat Aug 29 17:30:25 2026

                    Copyright (c) 1991 - 2023 Synopsys, Inc.
   This software and the associated documentation are proprietary to Synopsys,
 Inc. This software may only be used in accordance with the terms and conditions
 of a written license agreement with Synopsys, Inc. All other use, reproduction,
   or distribution of this software is strictly prohibited.  Licensed Products
     communicate with Synopsys servers for the purpose of providing software
    updates, detecting software piracy and verifying that customers are using
    Licensed Products in conformity with the applicable License Key for such
  Licensed Products. Synopsys will use information gathered in connection with
    this process to deliver software updates and pursue software pirates and
                                   infringers.

 Inclusivity & Diversity - Visit SolvNetPlus to read the "Synopsys Statement on
            Inclusivity and Diversity" (Refer to article 000036315 at
                        https://solvnetplus.synopsys.com)


Warning-[FILE_64BIT] 64bit options not supported in -f/-file
  VCS 64bit option '-full64' is not supported in '-f' option.
  File name: '/home/student/Documents/hon_070/proj_dir/run/run.f'.
  Please specify the option in command line directly.

Parsing design file '/home/student/snps_tools_target/vcs/U-2023.03/etc/uvm/uvm_pkg.sv'
Parsing included file '/home/student/snps_tools_target/vcs/U-2023.03/etc/uvm/uvm_macros.svh'.
Parsing included file '/home/student/snps_tools_target/vcs/U-2023.03/etc/uvm/macros/uvm_version_defines.svh'.
Back to file '/home/student/snps_tools_target/vcs/U-2023.03/etc/uvm/uvm_macros.svh'.
Parsing included file '/home/student/snps_tools_target/vcs/U-2023.03/etc/uvm/macros/snps_macros.svp'.
Back to file '/home/student/snps_tools_target/vcs/U-2023.03/etc/uvm/uvm_macros.svh'.
Parsing included file '/home/student/snps_tools_target/vcs/U-2023.03/etc/uvm/macros/uvm_message_defines.svh'.
Back to file '/home/student/snps_tools_target/vcs/U-2023.03/etc/uvm/uvm_macros.svh'.
Parsing included file '/home/student/snps_tools_target/vcs/U-2023.03/etc/uvm/macros/uvm_phase_defines.svh'.
Back to file '/home/student/snps_tools_target/vcs/U-2023.03/etc/uvm/uvm_macros.svh'.
Parsing included file '/home/student/snps_tools_target/vcs/U-2023.03/etc/uvm/macros/uvm_object_defines.svh'.
Back to file '/home/student/snps_tools_target/vcs/U-2023.03/etc/uvm/uvm_macros.svh'.
Parsing included file '/home/student/snps_tools_target/vcs/U-2023.03/etc/uvm/macros/uvm_printer_defines.svh'.
Back to file '/home/student/snps_tools_target/vcs/U-2023.03/etc/uvm/uvm_macros.svh'.
Parsing included file '/home/student/snps_tools_target/vcs/U-2023.03/etc/uvm/macros/uvm_tlm_defines.svh'.
Parsing included file '/home/student/snps_tools_target/vcs/U-2023.03/etc/uvm/tlm1/uvm_tlm_imps.svh'.
Back to file '/home/student/snps_tools_target/vcs/U-2023.03/etc/uvm/macros/uvm_tlm_defines.svh'.
Back to file '/home/student/snps_tools_target/vcs/U-2023.03/etc/uvm/uvm_macros.svh'.
Parsing included file '/home/student/snps_tools_target/vcs/U-2023.03/etc/uvm/macros/uvm_sequence_defines.svh'.
Back to file '/home/student/snps_tools_target/vcs/U-2023.03/etc/uvm/uvm_macros.svh'.
Parsing included file '/home/student/snps_tools_target/vcs/U-2023.03/etc/uvm/macros/uvm_callback_defines.svh'.
Back to file '/home/student/snps_tools_target/vcs/U-2023.03/etc/uvm/uvm_macros.svh'.
Parsing included file '/home/student/snps_tools_target/vcs/U-2023.03/etc/uvm/macros/uvm_reg_defines.svh'.
Back to file '/home/student/snps_tools_target/vcs/U-2023.03/etc/uvm/uvm_macros.svh'.
Parsing included file '/home/student/snps_tools_target/vcs/U-2023.03/etc/uvm/macros/uvm_deprecated_defines.svh'.
Back to file '/home/student/snps_tools_target/vcs/U-2023.03/etc/uvm/uvm_macros.svh'.
Back to file '/home/student/snps_tools_target/vcs/U-2023.03/etc/uvm/uvm_pkg.sv'.
Parsing included file '/home/student/snps_tools_target/vcs/U-2023.03/etc/uvm/directc/uvm_directc.svh'.
Parsing included file '/home/student/snps_tools_target/vcs/U-2023.03/etc/uvm/directc/uvm_seed.vh'.
Back to file '/home/student/snps_tools_target/vcs/U-2023.03/etc/uvm/directc/uvm_directc.svh'.
Back to file '/home/student/snps_tools_target/vcs/U-2023.03/etc/uvm/uvm_pkg.sv'.
Parsing included file '/home/student/snps_tools_target/vcs/U-2023.03/etc/uvm/dpi/uvm_dpi.svh'.
Parsing included file '/home/student/snps_tools_target/vcs/U-2023.03/etc/uvm/dpi/uvm_hdl.svh'.
Back to file '/home/student/snps_tools_target/vcs/U-2023.03/etc/uvm/dpi/uvm_dpi.svh'.
Parsing included file '/home/student/snps_tools_target/vcs/U-2023.03/etc/uvm/dpi/uvm_svcmd_dpi.svh'.
Back to file '/home/student/snps_tools_target/vcs/U-2023.03/etc/uvm/dpi/uvm_dpi.svh'.
Parsing included file '/home/student/snps_tools_target/vcs/U-2023.03/etc/uvm/dpi/uvm_regex.svh'.
Back to file '/home/student/snps_tools_target/vcs/U-2023.03/etc/uvm/dpi/uvm_dpi.svh'.
Back to file '/home/student/snps_tools_target/vcs/U-2023.03/etc/uvm/uvm_pkg.sv'.
Parsing included file '/home/student/snps_tools_target/vcs/U-2023.03/etc/uvm/base/uvm_base.svh'.
Parsing included file '/home/student/snps_tools_target/vcs/U-2023.03/etc/uvm/base/uvm_version.svh'.
Back to file '/home/student/snps_tools_target/vcs/U-2023.03/etc/uvm/base/uvm_base.svh'.
Parsing included file '/home/student/snps_tools_target/vcs/U-2023.03/etc/uvm/base/uvm_object_globals.svh'.
Back to file '/home/student/snps_tools_target/vcs/U-2023.03/etc/uvm/base/uvm_base.svh'.
Parsing included file '/home/student/snps_tools_target/vcs/U-2023.03/etc/uvm/base/uvm_misc.svh'.
Back to file '/home/student/snps_tools_target/vcs/U-2023.03/etc/uvm/base/uvm_base.svh'.
Parsing included file '/home/student/snps_tools_target/vcs/U-2023.03/etc/uvm/base/uvm_object.svh'.
Back to file '/home/student/snps_tools_target/vcs/U-2023.03/etc/uvm/base/uvm_base.svh'.
Parsing included file '/home/student/snps_tools_target/vcs/U-2023.03/etc/uvm/base/uvm_pool.svh'.
Back to file '/home/student/snps_tools_target/vcs/U-2023.03/etc/uvm/base/uvm_base.svh'.
Parsing included file '/home/student/snps_tools_target/vcs/U-2023.03/etc/uvm/base/uvm_queue.svh'.
Back to file '/home/student/snps_tools_target/vcs/U-2023.03/etc/uvm/base/uvm_base.svh'.
Parsing included file '/home/student/snps_tools_target/vcs/U-2023.03/etc/uvm/base/uvm_factory.svh'.
Back to file '/home/student/snps_tools_target/vcs/U-2023.03/etc/uvm/base/uvm_base.svh'.
Parsing included file '/home/student/snps_tools_target/vcs/U-2023.03/etc/uvm/base/uvm_registry.svh'.
Back to file '/home/student/snps_tools_target/vcs/U-2023.03/etc/uvm/base/uvm_base.svh'.
Parsing included file '/home/student/snps_tools_target/vcs/U-2023.03/etc/uvm/base/uvm_spell_chkr.svh'.
Back to file '/home/student/snps_tools_target/vcs/U-2023.03/etc/uvm/base/uvm_base.svh'.
Parsing included file '/home/student/snps_tools_target/vcs/U-2023.03/etc/uvm/base/uvm_resource.svh'.
Back to file '/home/student/snps_tools_target/vcs/U-2023.03/etc/uvm/base/uvm_base.svh'.
Parsing included file '/home/student/snps_tools_target/vcs/U-2023.03/etc/uvm/deprecated/uvm_resource_converter.svh'.
Back to file '/home/student/snps_tools_target/vcs/U-2023.03/etc/uvm/base/uvm_base.svh'.
Parsing included file '/home/student/snps_tools_target/vcs/U-2023.03/etc/uvm/base/uvm_resource_specializations.svh'.
Back to file '/home/student/snps_tools_target/vcs/U-2023.03/etc/uvm/base/uvm_base.svh'.
Parsing included file '/home/student/snps_tools_target/vcs/U-2023.03/etc/uvm/base/uvm_resource_db.svh'.
Back to file '/home/student/snps_tools_target/vcs/U-2023.03/etc/uvm/base/uvm_base.svh'.
Parsing included file '/home/student/snps_tools_target/vcs/U-2023.03/etc/uvm/base/uvm_config_db.svh'.
Back to file '/home/student/snps_tools_target/vcs/U-2023.03/etc/uvm/base/uvm_base.svh'.
Parsing included file '/home/student/snps_tools_target/vcs/U-2023.03/etc/uvm/base/uvm_printer.svh'.
Back to file '/home/student/snps_tools_target/vcs/U-2023.03/etc/uvm/base/uvm_base.svh'.
Parsing included file '/home/student/snps_tools_target/vcs/U-2023.03/etc/uvm/base/uvm_comparer.svh'.
Back to file '/home/student/snps_tools_target/vcs/U-2023.03/etc/uvm/base/uvm_base.svh'.
Parsing included file '/home/student/snps_tools_target/vcs/U-2023.03/etc/uvm/base/uvm_packer.svh'.
Back to file '/home/student/snps_tools_target/vcs/U-2023.03/etc/uvm/base/uvm_base.svh'.
Parsing included file '/home/student/snps_tools_target/vcs/U-2023.03/etc/uvm/base/uvm_recorder.svh'.
Back to file '/home/student/snps_tools_target/vcs/U-2023.03/etc/uvm/base/uvm_base.svh'.
Parsing included file '/home/student/snps_tools_target/vcs/U-2023.03/etc/uvm/base/uvm_event_callback.svh'.
Back to file '/home/student/snps_tools_target/vcs/U-2023.03/etc/uvm/base/uvm_base.svh'.
Parsing included file '/home/student/snps_tools_target/vcs/U-2023.03/etc/uvm/base/uvm_event.svh'.
Back to file '/home/student/snps_tools_target/vcs/U-2023.03/etc/uvm/base/uvm_base.svh'.
Parsing included file '/home/student/snps_tools_target/vcs/U-2023.03/etc/uvm/base/uvm_barrier.svh'.
Back to file '/home/student/snps_tools_target/vcs/U-2023.03/etc/uvm/base/uvm_base.svh'.
Parsing included file '/home/student/snps_tools_target/vcs/U-2023.03/etc/uvm/base/uvm_callback.svh'.
Parsing included file '/home/student/snps_tools_target/vcs/U-2023.03/etc/uvm/uvm_macros.svh'.
Back to file '/home/student/snps_tools_target/vcs/U-2023.03/etc/uvm/base/uvm_callback.svh'.
Back to file '/home/student/snps_tools_target/vcs/U-2023.03/etc/uvm/base/uvm_base.svh'.
Parsing included file '/home/student/snps_tools_target/vcs/U-2023.03/etc/uvm/base/uvm_report_catcher.svh'.
Back to file '/home/student/snps_tools_target/vcs/U-2023.03/etc/uvm/base/uvm_base.svh'.
Parsing included file '/home/student/snps_tools_target/vcs/U-2023.03/etc/uvm/base/uvm_report_server.svh'.
Back to file '/home/student/snps_tools_target/vcs/U-2023.03/etc/uvm/base/uvm_base.svh'.
Parsing included file '/home/student/snps_tools_target/vcs/U-2023.03/etc/uvm/base/uvm_report_handler.svh'.
Back to file '/home/student/snps_tools_target/vcs/U-2023.03/etc/uvm/base/uvm_base.svh'.
Parsing included file '/home/student/snps_tools_target/vcs/U-2023.03/etc/uvm/base/uvm_report_object.svh'.
Back to file '/home/student/snps_tools_target/vcs/U-2023.03/etc/uvm/base/uvm_base.svh'.
Parsing included file '/home/student/snps_tools_target/vcs/U-2023.03/etc/uvm/base/uvm_transaction.svh'.
Back to file '/home/student/snps_tools_target/vcs/U-2023.03/etc/uvm/base/uvm_base.svh'.
Parsing included file '/home/student/snps_tools_target/vcs/U-2023.03/etc/uvm/base/uvm_phase.svh'.
Back to file '/home/student/snps_tools_target/vcs/U-2023.03/etc/uvm/base/uvm_base.svh'.
Parsing included file '/home/student/snps_tools_target/vcs/U-2023.03/etc/uvm/base/uvm_domain.svh'.
Back to file '/home/student/snps_tools_target/vcs/U-2023.03/etc/uvm/base/uvm_base.svh'.
Parsing included file '/home/student/snps_tools_target/vcs/U-2023.03/etc/uvm/base/uvm_bottomup_phase.svh'.
Back to file '/home/student/snps_tools_target/vcs/U-2023.03/etc/uvm/base/uvm_base.svh'.
Parsing included file '/home/student/snps_tools_target/vcs/U-2023.03/etc/uvm/base/uvm_topdown_phase.svh'.
Back to file '/home/student/snps_tools_target/vcs/U-2023.03/etc/uvm/base/uvm_base.svh'.
Parsing included file '/home/student/snps_tools_target/vcs/U-2023.03/etc/uvm/base/uvm_task_phase.svh'.
Back to file '/home/student/snps_tools_target/vcs/U-2023.03/etc/uvm/base/uvm_base.svh'.
Parsing included file '/home/student/snps_tools_target/vcs/U-2023.03/etc/uvm/base/uvm_common_phases.svh'.
Back to file '/home/student/snps_tools_target/vcs/U-2023.03/etc/uvm/base/uvm_base.svh'.
Parsing included file '/home/student/snps_tools_target/vcs/U-2023.03/etc/uvm/base/uvm_runtime_phases.svh'.
Back to file '/home/student/snps_tools_target/vcs/U-2023.03/etc/uvm/base/uvm_base.svh'.
Parsing included file '/home/student/snps_tools_target/vcs/U-2023.03/etc/uvm/base/uvm_component.svh'.
Parsing included file '/home/student/snps_tools_target/vcs/U-2023.03/etc/uvm/base/uvm_root.svh'.
Back to file '/home/student/snps_tools_target/vcs/U-2023.03/etc/uvm/base/uvm_component.svh'.
Back to file '/home/student/snps_tools_target/vcs/U-2023.03/etc/uvm/base/uvm_base.svh'.
Parsing included file '/home/student/snps_tools_target/vcs/U-2023.03/etc/uvm/base/uvm_objection.svh'.
Back to file '/home/student/snps_tools_target/vcs/U-2023.03/etc/uvm/base/uvm_base.svh'.
Parsing included file '/home/student/snps_tools_target/vcs/U-2023.03/etc/uvm/base/uvm_heartbeat.svh'.
Back to file '/home/student/snps_tools_target/vcs/U-2023.03/etc/uvm/base/uvm_base.svh'.
Parsing included file '/home/student/snps_tools_target/vcs/U-2023.03/etc/uvm/base/uvm_globals.svh'.
Back to file '/home/student/snps_tools_target/vcs/U-2023.03/etc/uvm/base/uvm_base.svh'.
Parsing included file '/home/student/snps_tools_target/vcs/U-2023.03/etc/uvm/base/uvm_cmdline_processor.svh'.
Back to file '/home/student/snps_tools_target/vcs/U-2023.03/etc/uvm/base/uvm_base.svh'.
Back to file '/home/student/snps_tools_target/vcs/U-2023.03/etc/uvm/uvm_pkg.sv'.
Parsing included file '/home/student/snps_tools_target/vcs/U-2023.03/etc/uvm/tlm1/uvm_tlm.svh'.
Parsing included file '/home/student/snps_tools_target/vcs/U-2023.03/etc/uvm/tlm1/uvm_tlm_ifs.svh'.
Back to file '/home/student/snps_tools_target/vcs/U-2023.03/etc/uvm/tlm1/uvm_tlm.svh'.
Parsing included file '/home/student/snps_tools_target/vcs/U-2023.03/etc/uvm/tlm1/uvm_sqr_ifs.svh'.
Back to file '/home/student/snps_tools_target/vcs/U-2023.03/etc/uvm/tlm1/uvm_tlm.svh'.
Parsing included file '/home/student/snps_tools_target/vcs/U-2023.03/etc/uvm/base/uvm_port_base.svh'.
Back to file '/home/student/snps_tools_target/vcs/U-2023.03/etc/uvm/tlm1/uvm_tlm.svh'.
Parsing included file '/home/student/snps_tools_target/vcs/U-2023.03/etc/uvm/tlm1/uvm_tlm_imps.svh'.
Back to file '/home/student/snps_tools_target/vcs/U-2023.03/etc/uvm/tlm1/uvm_tlm.svh'.
Parsing included file '/home/student/snps_tools_target/vcs/U-2023.03/etc/uvm/tlm1/uvm_imps.svh'.
Back to file '/home/student/snps_tools_target/vcs/U-2023.03/etc/uvm/tlm1/uvm_tlm.svh'.
Parsing included file '/home/student/snps_tools_target/vcs/U-2023.03/etc/uvm/tlm1/uvm_ports.svh'.
Back to file '/home/student/snps_tools_target/vcs/U-2023.03/etc/uvm/tlm1/uvm_tlm.svh'.
Parsing included file '/home/student/snps_tools_target/vcs/U-2023.03/etc/uvm/tlm1/uvm_exports.svh'.
Back to file '/home/student/snps_tools_target/vcs/U-2023.03/etc/uvm/tlm1/uvm_tlm.svh'.
Parsing included file '/home/student/snps_tools_target/vcs/U-2023.03/etc/uvm/tlm1/uvm_analysis_port.svh'.
Back to file '/home/student/snps_tools_target/vcs/U-2023.03/etc/uvm/tlm1/uvm_tlm.svh'.
Parsing included file '/home/student/snps_tools_target/vcs/U-2023.03/etc/uvm/tlm1/uvm_tlm_fifo_base.svh'.
Back to file '/home/student/snps_tools_target/vcs/U-2023.03/etc/uvm/tlm1/uvm_tlm.svh'.
Parsing included file '/home/student/snps_tools_target/vcs/U-2023.03/etc/uvm/tlm1/uvm_tlm_fifos.svh'.
Back to file '/home/student/snps_tools_target/vcs/U-2023.03/etc/uvm/tlm1/uvm_tlm.svh'.
Parsing included file '/home/student/snps_tools_target/vcs/U-2023.03/etc/uvm/tlm1/uvm_tlm_req_rsp.svh'.
Back to file '/home/student/snps_tools_target/vcs/U-2023.03/etc/uvm/tlm1/uvm_tlm.svh'.
Parsing included file '/home/student/snps_tools_target/vcs/U-2023.03/etc/uvm/tlm1/uvm_sqr_connections.svh'.
Back to file '/home/student/snps_tools_target/vcs/U-2023.03/etc/uvm/tlm1/uvm_tlm.svh'.
Back to file '/home/student/snps_tools_target/vcs/U-2023.03/etc/uvm/uvm_pkg.sv'.
Parsing included file '/home/student/snps_tools_target/vcs/U-2023.03/etc/uvm/comps/uvm_comps.svh'.
Parsing included file '/home/student/snps_tools_target/vcs/U-2023.03/etc/uvm/comps/uvm_pair.svh'.
Back to file '/home/student/snps_tools_target/vcs/U-2023.03/etc/uvm/comps/uvm_comps.svh'.
Parsing included file '/home/student/snps_tools_target/vcs/U-2023.03/etc/uvm/comps/uvm_policies.svh'.
Back to file '/home/student/snps_tools_target/vcs/U-2023.03/etc/uvm/comps/uvm_comps.svh'.
Parsing included file '/home/student/snps_tools_target/vcs/U-2023.03/etc/uvm/comps/uvm_in_order_comparator.svh'.
Back to file '/home/student/snps_tools_target/vcs/U-2023.03/etc/uvm/comps/uvm_comps.svh'.
Parsing included file '/home/student/snps_tools_target/vcs/U-2023.03/etc/uvm/comps/uvm_algorithmic_comparator.svh'.
Back to file '/home/student/snps_tools_target/vcs/U-2023.03/etc/uvm/comps/uvm_comps.svh'.
Parsing included file '/home/student/snps_tools_target/vcs/U-2023.03/etc/uvm/comps/uvm_random_stimulus.svh'.
Back to file '/home/student/snps_tools_target/vcs/U-2023.03/etc/uvm/comps/uvm_comps.svh'.
Parsing included file '/home/student/snps_tools_target/vcs/U-2023.03/etc/uvm/comps/uvm_subscriber.svh'.
Back to file '/home/student/snps_tools_target/vcs/U-2023.03/etc/uvm/comps/uvm_comps.svh'.
Parsing included file '/home/student/snps_tools_target/vcs/U-2023.03/etc/uvm/comps/uvm_monitor.svh'.
Back to file '/home/student/snps_tools_target/vcs/U-2023.03/etc/uvm/comps/uvm_comps.svh'.
Parsing included file '/home/student/snps_tools_target/vcs/U-2023.03/etc/uvm/comps/uvm_driver.svh'.
Back to file '/home/student/snps_tools_target/vcs/U-2023.03/etc/uvm/comps/uvm_comps.svh'.
Parsing included file '/home/student/snps_tools_target/vcs/U-2023.03/etc/uvm/comps/uvm_push_driver.svh'.
Back to file '/home/student/snps_tools_target/vcs/U-2023.03/etc/uvm/comps/uvm_comps.svh'.
Parsing included file '/home/student/snps_tools_target/vcs/U-2023.03/etc/uvm/comps/uvm_scoreboard.svh'.
Back to file '/home/student/snps_tools_target/vcs/U-2023.03/etc/uvm/comps/uvm_comps.svh'.
Parsing included file '/home/student/snps_tools_target/vcs/U-2023.03/etc/uvm/comps/uvm_agent.svh'.
Back to file '/home/student/snps_tools_target/vcs/U-2023.03/etc/uvm/comps/uvm_comps.svh'.
Parsing included file '/home/student/snps_tools_target/vcs/U-2023.03/etc/uvm/comps/uvm_env.svh'.
Back to file '/home/student/snps_tools_target/vcs/U-2023.03/etc/uvm/comps/uvm_comps.svh'.
Parsing included file '/home/student/snps_tools_target/vcs/U-2023.03/etc/uvm/comps/uvm_test.svh'.
Back to file '/home/student/snps_tools_target/vcs/U-2023.03/etc/uvm/comps/uvm_comps.svh'.
Back to file '/home/student/snps_tools_target/vcs/U-2023.03/etc/uvm/uvm_pkg.sv'.
Parsing included file '/home/student/snps_tools_target/vcs/U-2023.03/etc/uvm/seq/uvm_seq.svh'.
Parsing included file '/home/student/snps_tools_target/vcs/U-2023.03/etc/uvm/seq/uvm_sequence_item.svh'.
Back to file '/home/student/snps_tools_target/vcs/U-2023.03/etc/uvm/seq/uvm_seq.svh'.
Parsing included file '/home/student/snps_tools_target/vcs/U-2023.03/etc/uvm/seq/uvm_sequencer_base.svh'.
Back to file '/home/student/snps_tools_target/vcs/U-2023.03/etc/uvm/seq/uvm_seq.svh'.
Parsing included file '/home/student/snps_tools_target/vcs/U-2023.03/etc/uvm/seq/uvm_sequencer_analysis_fifo.svh'.
Back to file '/home/student/snps_tools_target/vcs/U-2023.03/etc/uvm/seq/uvm_seq.svh'.
Parsing included file '/home/student/snps_tools_target/vcs/U-2023.03/etc/uvm/seq/uvm_sequencer_param_base.svh'.
Back to file '/home/student/snps_tools_target/vcs/U-2023.03/etc/uvm/seq/uvm_seq.svh'.
Parsing included file '/home/student/snps_tools_target/vcs/U-2023.03/etc/uvm/seq/uvm_sequencer.svh'.
Back to file '/home/student/snps_tools_target/vcs/U-2023.03/etc/uvm/seq/uvm_seq.svh'.
Parsing included file '/home/student/snps_tools_target/vcs/U-2023.03/etc/uvm/seq/uvm_push_sequencer.svh'.
Back to file '/home/student/snps_tools_target/vcs/U-2023.03/etc/uvm/seq/uvm_seq.svh'.
Parsing included file '/home/student/snps_tools_target/vcs/U-2023.03/etc/uvm/seq/uvm_sequence_base.svh'.
Back to file '/home/student/snps_tools_target/vcs/U-2023.03/etc/uvm/seq/uvm_seq.svh'.
Parsing included file '/home/student/snps_tools_target/vcs/U-2023.03/etc/uvm/seq/uvm_sequence.svh'.
Back to file '/home/student/snps_tools_target/vcs/U-2023.03/etc/uvm/seq/uvm_seq.svh'.
Parsing included file '/home/student/snps_tools_target/vcs/U-2023.03/etc/uvm/seq/uvm_sequence_library.svh'.
Back to file '/home/student/snps_tools_target/vcs/U-2023.03/etc/uvm/seq/uvm_seq.svh'.
Parsing included file '/home/student/snps_tools_target/vcs/U-2023.03/etc/uvm/seq/uvm_sequence_builtin.svh'.
Back to file '/home/student/snps_tools_target/vcs/U-2023.03/etc/uvm/seq/uvm_seq.svh'.
Back to file '/home/student/snps_tools_target/vcs/U-2023.03/etc/uvm/uvm_pkg.sv'.
Parsing included file '/home/student/snps_tools_target/vcs/U-2023.03/etc/uvm/tlm2/uvm_tlm2.svh'.
Parsing included file '/home/student/snps_tools_target/vcs/U-2023.03/etc/uvm/tlm2/uvm_tlm2_defines.svh'.
Back to file '/home/student/snps_tools_target/vcs/U-2023.03/etc/uvm/tlm2/uvm_tlm2.svh'.
Parsing included file '/home/student/snps_tools_target/vcs/U-2023.03/etc/uvm/tlm2/uvm_tlm2_time.svh'.
Back to file '/home/student/snps_tools_target/vcs/U-2023.03/etc/uvm/tlm2/uvm_tlm2.svh'.
Parsing included file '/home/student/snps_tools_target/vcs/U-2023.03/etc/uvm/tlm2/uvm_tlm2_generic_payload.svh'.
Back to file '/home/student/snps_tools_target/vcs/U-2023.03/etc/uvm/tlm2/uvm_tlm2.svh'.
Parsing included file '/home/student/snps_tools_target/vcs/U-2023.03/etc/uvm/tlm2/uvm_tlm2_ifs.svh'.
Back to file '/home/student/snps_tools_target/vcs/U-2023.03/etc/uvm/tlm2/uvm_tlm2.svh'.
Parsing included file '/home/student/snps_tools_target/vcs/U-2023.03/etc/uvm/tlm2/uvm_tlm2_imps.svh'.
Back to file '/home/student/snps_tools_target/vcs/U-2023.03/etc/uvm/tlm2/uvm_tlm2.svh'.
Parsing included file '/home/student/snps_tools_target/vcs/U-2023.03/etc/uvm/tlm2/uvm_tlm2_ports.svh'.
Back to file '/home/student/snps_tools_target/vcs/U-2023.03/etc/uvm/tlm2/uvm_tlm2.svh'.
Parsing included file '/home/student/snps_tools_target/vcs/U-2023.03/etc/uvm/tlm2/uvm_tlm2_exports.svh'.
Back to file '/home/student/snps_tools_target/vcs/U-2023.03/etc/uvm/tlm2/uvm_tlm2.svh'.
Parsing included file '/home/student/snps_tools_target/vcs/U-2023.03/etc/uvm/tlm2/uvm_tlm2_sockets_base.svh'.
Back to file '/home/student/snps_tools_target/vcs/U-2023.03/etc/uvm/tlm2/uvm_tlm2.svh'.
Parsing included file '/home/student/snps_tools_target/vcs/U-2023.03/etc/uvm/tlm2/uvm_tlm2_sockets.svh'.
Back to file '/home/student/snps_tools_target/vcs/U-2023.03/etc/uvm/tlm2/uvm_tlm2.svh'.
Back to file '/home/student/snps_tools_target/vcs/U-2023.03/etc/uvm/uvm_pkg.sv'.
Parsing included file '/home/student/snps_tools_target/vcs/U-2023.03/etc/uvm/reg/uvm_reg_model.svh'.
Parsing included file '/home/student/snps_tools_target/vcs/U-2023.03/etc/uvm/reg/uvm_reg_item.svh'.
Back to file '/home/student/snps_tools_target/vcs/U-2023.03/etc/uvm/reg/uvm_reg_model.svh'.
Parsing included file '/home/student/snps_tools_target/vcs/U-2023.03/etc/uvm/reg/uvm_reg_adapter.svh'.
Back to file '/home/student/snps_tools_target/vcs/U-2023.03/etc/uvm/reg/uvm_reg_model.svh'.
Parsing included file '/home/student/snps_tools_target/vcs/U-2023.03/etc/uvm/reg/uvm_reg_predictor.svh'.
Back to file '/home/student/snps_tools_target/vcs/U-2023.03/etc/uvm/reg/uvm_reg_model.svh'.
Parsing included file '/home/student/snps_tools_target/vcs/U-2023.03/etc/uvm/reg/uvm_reg_sequence.svh'.
Back to file '/home/student/snps_tools_target/vcs/U-2023.03/etc/uvm/reg/uvm_reg_model.svh'.
Parsing included file '/home/student/snps_tools_target/vcs/U-2023.03/etc/uvm/reg/uvm_reg_cbs.svh'.
Back to file '/home/student/snps_tools_target/vcs/U-2023.03/etc/uvm/reg/uvm_reg_model.svh'.
Parsing included file '/home/student/snps_tools_target/vcs/U-2023.03/etc/uvm/reg/uvm_reg_backdoor.svh'.
Back to file '/home/student/snps_tools_target/vcs/U-2023.03/etc/uvm/reg/uvm_reg_model.svh'.
Parsing included file '/home/student/snps_tools_target/vcs/U-2023.03/etc/uvm/reg/uvm_reg_field.svh'.
Back to file '/home/student/snps_tools_target/vcs/U-2023.03/etc/uvm/reg/uvm_reg_model.svh'.
Parsing included file '/home/student/snps_tools_target/vcs/U-2023.03/etc/uvm/reg/uvm_vreg_field.svh'.
Back to file '/home/student/snps_tools_target/vcs/U-2023.03/etc/uvm/reg/uvm_reg_model.svh'.
Parsing included file '/home/student/snps_tools_target/vcs/U-2023.03/etc/uvm/reg/uvm_reg.svh'.
Back to file '/home/student/snps_tools_target/vcs/U-2023.03/etc/uvm/reg/uvm_reg_model.svh'.
Parsing included file '/home/student/snps_tools_target/vcs/U-2023.03/etc/uvm/reg/uvm_reg_indirect.svh'.
Back to file '/home/student/snps_tools_target/vcs/U-2023.03/etc/uvm/reg/uvm_reg_model.svh'.
Parsing included file '/home/student/snps_tools_target/vcs/U-2023.03/etc/uvm/reg/uvm_reg_fifo.svh'.
Back to file '/home/student/snps_tools_target/vcs/U-2023.03/etc/uvm/reg/uvm_reg_model.svh'.
Parsing included file '/home/student/snps_tools_target/vcs/U-2023.03/etc/uvm/reg/uvm_reg_file.svh'.
Back to file '/home/student/snps_tools_target/vcs/U-2023.03/etc/uvm/reg/uvm_reg_model.svh'.
Parsing included file '/home/student/snps_tools_target/vcs/U-2023.03/etc/uvm/reg/uvm_mem_mam.svh'.
Back to file '/home/student/snps_tools_target/vcs/U-2023.03/etc/uvm/reg/uvm_reg_model.svh'.
Parsing included file '/home/student/snps_tools_target/vcs/U-2023.03/etc/uvm/reg/uvm_vreg.svh'.
Back to file '/home/student/snps_tools_target/vcs/U-2023.03/etc/uvm/reg/uvm_reg_model.svh'.
Parsing included file '/home/student/snps_tools_target/vcs/U-2023.03/etc/uvm/reg/uvm_mem.svh'.
Back to file '/home/student/snps_tools_target/vcs/U-2023.03/etc/uvm/reg/uvm_reg_model.svh'.
Parsing included file '/home/student/snps_tools_target/vcs/U-2023.03/etc/uvm/reg/uvm_reg_map.svh'.
Back to file '/home/student/snps_tools_target/vcs/U-2023.03/etc/uvm/reg/uvm_reg_model.svh'.
Parsing included file '/home/student/snps_tools_target/vcs/U-2023.03/etc/uvm/reg/uvm_reg_block.svh'.
Back to file '/home/student/snps_tools_target/vcs/U-2023.03/etc/uvm/reg/uvm_reg_model.svh'.
Parsing included file '/home/student/snps_tools_target/vcs/U-2023.03/etc/uvm/reg/sequences/uvm_reg_hw_reset_seq.svh'.
Back to file '/home/student/snps_tools_target/vcs/U-2023.03/etc/uvm/reg/uvm_reg_model.svh'.
Parsing included file '/home/student/snps_tools_target/vcs/U-2023.03/etc/uvm/reg/sequences/uvm_reg_bit_bash_seq.svh'.
Back to file '/home/student/snps_tools_target/vcs/U-2023.03/etc/uvm/reg/uvm_reg_model.svh'.
Parsing included file '/home/student/snps_tools_target/vcs/U-2023.03/etc/uvm/reg/sequences/uvm_mem_walk_seq.svh'.
Back to file '/home/student/snps_tools_target/vcs/U-2023.03/etc/uvm/reg/uvm_reg_model.svh'.
Parsing included file '/home/student/snps_tools_target/vcs/U-2023.03/etc/uvm/reg/sequences/uvm_mem_access_seq.svh'.
Back to file '/home/student/snps_tools_target/vcs/U-2023.03/etc/uvm/reg/uvm_reg_model.svh'.
Parsing included file '/home/student/snps_tools_target/vcs/U-2023.03/etc/uvm/reg/sequences/uvm_reg_access_seq.svh'.
Back to file '/home/student/snps_tools_target/vcs/U-2023.03/etc/uvm/reg/uvm_reg_model.svh'.
Parsing included file '/home/student/snps_tools_target/vcs/U-2023.03/etc/uvm/reg/sequences/uvm_reg_mem_shared_access_seq.svh'.
Back to file '/home/student/snps_tools_target/vcs/U-2023.03/etc/uvm/reg/uvm_reg_model.svh'.
Parsing included file '/home/student/snps_tools_target/vcs/U-2023.03/etc/uvm/reg/sequences/uvm_reg_mem_built_in_seq.svh'.
Back to file '/home/student/snps_tools_target/vcs/U-2023.03/etc/uvm/reg/uvm_reg_model.svh'.
Parsing included file '/home/student/snps_tools_target/vcs/U-2023.03/etc/uvm/reg/sequences/uvm_reg_mem_hdl_paths_seq.svh'.
Back to file '/home/student/snps_tools_target/vcs/U-2023.03/etc/uvm/reg/uvm_reg_model.svh'.
Parsing included file '/home/student/snps_tools_target/vcs/U-2023.03/etc/uvm/reg/snps_uvm_reg_bank.svh'.
Back to file '/home/student/snps_tools_target/vcs/U-2023.03/etc/uvm/reg/uvm_reg_model.svh'.
Back to file '/home/student/snps_tools_target/vcs/U-2023.03/etc/uvm/uvm_pkg.sv'.
Parsing included file '/home/student/snps_tools_target/vcs/U-2023.03/etc/uvm/vcs/vcs_uvm_alt.sv'.
Back to file '/home/student/snps_tools_target/vcs/U-2023.03/etc/uvm/uvm_pkg.sv'.
Parsing design file '/home/student/snps_tools_target/vcs/U-2023.03/etc/uvm/vcs/uvm_custom_install_vcs_recorder.sv'
Parsing included file '/home/student/snps_tools_target/vcs/U-2023.03/etc/uvm/vcs/msglog.svh'.
Back to file '/home/student/snps_tools_target/vcs/U-2023.03/etc/uvm/vcs/uvm_custom_install_vcs_recorder.sv'.
Parsing included file '/home/student/snps_tools_target/vcs/U-2023.03/etc/uvm/vcs/uvm_msglog_report_server.sv'.
Back to file '/home/student/snps_tools_target/vcs/U-2023.03/etc/uvm/vcs/uvm_custom_install_vcs_recorder.sv'.
Parsing included file '/home/student/snps_tools_target/vcs/U-2023.03/etc/uvm/vcs/uvm_vcs_recorder.svh'.
Back to file '/home/student/snps_tools_target/vcs/U-2023.03/etc/uvm/vcs/uvm_custom_install_vcs_recorder.sv'.
Parsing included file '/home/student/snps_tools_target/vcs/U-2023.03/etc/uvm/vcs/uvm_vcs_record_interface.sv'.
Back to file '/home/student/snps_tools_target/vcs/U-2023.03/etc/uvm/vcs/uvm_custom_install_vcs_recorder.sv'.
Parsing design file '/home/student/snps_tools_target/vcs/U-2023.03/etc/uvm/verdi/uvm_custom_install_verdi_recorder.sv'
Parsing included file '/home/student/snps_tools_target/vcs/U-2023.03/etc/uvm/uvm_macros.svh'.
Back to file '/home/student/snps_tools_target/vcs/U-2023.03/etc/uvm/verdi/uvm_custom_install_verdi_recorder.sv'.
Parsing included file '/home/student/snps_tools_target/vcs/U-2023.03/etc/uvm/verdi/uvm_verdi_recorder.svh'.
Parsing included file '/home/student/snps_tools_target/vcs/U-2023.03/etc/uvm/verdi/uvm_verdi_pli_base.svh'.
Back to file '/home/student/snps_tools_target/vcs/U-2023.03/etc/uvm/verdi/uvm_verdi_recorder.svh'.
Back to file '/home/student/snps_tools_target/vcs/U-2023.03/etc/uvm/verdi/uvm_custom_install_verdi_recorder.sv'.
Parsing included file '/home/student/snps_tools_target/vcs/U-2023.03/etc/uvm/verdi/uvm_verdi_reg_map_recording.sv'.
Back to file '/home/student/snps_tools_target/vcs/U-2023.03/etc/uvm/verdi/uvm_custom_install_verdi_recorder.sv'.
Parsing included file '/home/student/snps_tools_target/vcs/U-2023.03/etc/uvm/verdi/uvm_verdi_message_catcher.svh'.
Parsing included file '/home/student/snps_tools_target/vcs/U-2023.03/etc/uvm/verdi/uvm_verdi_pli_base.svh'.
Back to file '/home/student/snps_tools_target/vcs/U-2023.03/etc/uvm/verdi/uvm_verdi_message_catcher.svh'.
Back to file '/home/student/snps_tools_target/vcs/U-2023.03/etc/uvm/verdi/uvm_custom_install_verdi_recorder.sv'.
Parsing included file '/home/student/snps_tools_target/vcs/U-2023.03/etc/uvm/verdi/./dpi/uvm_verdi_dpi.svh'.
Back to file '/home/student/snps_tools_target/vcs/U-2023.03/etc/uvm/verdi/uvm_custom_install_verdi_recorder.sv'.
Parsing included file '/home/student/snps_tools_target/vcs/U-2023.03/etc/uvm/verdi/uvm_verdi_reg_recording.sv'.
Back to file '/home/student/snps_tools_target/vcs/U-2023.03/etc/uvm/verdi/uvm_custom_install_verdi_recorder.sv'.
Parsing included file '/home/student/snps_tools_target/verdi/U-2023.03-SP1/share/PLI/VCS/include/verdi_trans_recorder_dpi.svh'.
Back to file '/home/student/snps_tools_target/vcs/U-2023.03/etc/uvm/verdi/uvm_custom_install_verdi_recorder.sv'.
Parsing included file '/home/student/snps_tools_target/vcs/U-2023.03/etc/uvm/verdi/uvm_verdi_pli.svh'.
Back to file '/home/student/snps_tools_target/vcs/U-2023.03/etc/uvm/verdi/uvm_custom_install_verdi_recorder.sv'.
Parsing design file '/home/student/snps_tools_target/vcs/U-2023.03/etc/uvm/verdi/uvm_custom_install_verdi_recorder.sv'
Parsing design file '/home/student/Documents/hon_070/proj_dir/rtl/axi_interconnect_wrap_2x8.v'
Parsing design file '/home/student/Documents/hon_070/proj_dir/rtl/interconnect/arbiter.v'
Parsing design file '/home/student/Documents/hon_070/proj_dir/rtl/interconnect/axi_interconnect.v'
Parsing design file '/home/student/Documents/hon_070/proj_dir/rtl/interconnect/priority_encoder.v'
Parsing design file '/home/student/Documents/hon_070/proj_dir/tb/tb_axi_interconnect_wrap_2x8_ACTIVITY_FIXED.sv'
Top Level Modules:
       uvm_custom_install_recording
       uvm_custom_install_verdi_recording
       tb_axi_interconnect_wrap_2x8
TimeScale is 1 ns / 1 ps
Starting vcs inline pass...

10 modules and 0 UDP read.
recompiling module uvm_custom_install_verdi_recording
recompiling module tb_axi_interconnect_wrap_2x8
Both modules done.
	However, due to incremental compilation, only 2 modules need to be compiled. 
rm -f _cuarc*.so _csrc*.so pre_vcsobj_*.so share_vcsobj_*.so
if [ -x ../simv ]; then chmod a-x ../simv; fi
g++  -o ../simv      -rdynamic  -Wl,-rpath='$ORIGIN'/simv.daidir -Wl,-rpath=./simv.daidir \
-Wl,-rpath=/home/student/snps_tools_target/vcs/U-2023.03/linux64/lib -L/home/student/snps_tools_target/vcs/U-2023.03/linux64/lib \
-Wl,-rpath-link=./  /usr/lib64/libnuma.so.1 uvm_dpi.o uvm_verdi_dpi.o   objs/amcQw_d.o \
_25055_archive_1.so _prev_archive_1.so  SIM_l.o      rmapats_mop.o rmapats.o rmar.o \
rmar_nd.o  rmar_llvm_0_1.o rmar_llvm_0_0.o            -lvirsim -lerrorinf -lsnpsmalloc \
-lvfs    -lvcsnew -lsimprofile -luclinative /home/student/snps_tools_target/vcs/U-2023.03/linux64/lib/vcs_tls.o \
-Wl,-whole-archive  -lvcsucli    -Wl,-no-whole-archive       ./../simv.daidir/vc_hdrs.o \
_vcs_pli_stub_.o   /home/student/snps_tools_target/vcs/U-2023.03/linux64/lib/vcs_save_restore_new.o \
/home/student/snps_tools_target/verdi/U-2023.03-SP1/share/PLI/VCS/LINUX64/pli.a -ldl \
-lc -lm -lpthread -ldl 
../simv up to date
CPU time: 3.632 seconds to compile + .168 seconds to elab + .280 seconds to link
Verdi KDB elaboration done and the database successfully generated: 0 error(s), 0 warning(s)
